Archive member included because of file (symbol)

c:/program files/embitz/0.42/share/em_armgcc/bin/../lib/gcc/arm-none-eabi/4.8.4/../../../../arm-none-eabi/lib/armv7-m\libg_n.a(lib_a-exit.o)
                              c:/program files/embitz/0.42/share/em_armgcc/bin/../lib/gcc/arm-none-eabi/4.8.4/../../../../arm-none-eabi/lib/armv7-m/crt0.o (exit)
c:/program files/embitz/0.42/share/em_armgcc/bin/../lib/gcc/arm-none-eabi/4.8.4/../../../../arm-none-eabi/lib/armv7-m\libg_n.a(lib_a-impure.o)
                              c:/program files/embitz/0.42/share/em_armgcc/bin/../lib/gcc/arm-none-eabi/4.8.4/../../../../arm-none-eabi/lib/armv7-m\libg_n.a(lib_a-exit.o) (_global_impure_ptr)
c:/program files/embitz/0.42/share/em_armgcc/bin/../lib/gcc/arm-none-eabi/4.8.4/../../../../arm-none-eabi/lib/armv7-m\libg_n.a(lib_a-init.o)
                              c:/program files/embitz/0.42/share/em_armgcc/bin/../lib/gcc/arm-none-eabi/4.8.4/../../../../arm-none-eabi/lib/armv7-m/crt0.o (__libc_init_array)
c:/program files/embitz/0.42/share/em_armgcc/bin/../lib/gcc/arm-none-eabi/4.8.4/../../../../arm-none-eabi/lib/armv7-m\libg_n.a(lib_a-memset.o)
                              c:/program files/embitz/0.42/share/em_armgcc/bin/../lib/gcc/arm-none-eabi/4.8.4/../../../../arm-none-eabi/lib/armv7-m/crt0.o (memset)
c:/program files/embitz/0.42/share/em_armgcc/bin/../lib/gcc/arm-none-eabi/4.8.4/../../../../arm-none-eabi/lib/armv7-m\libg_n.a(lib_a-strcmp.o)
                              obj\debug\src\main.o (strcmp)
c:/program files/embitz/0.42/share/em_armgcc/bin/../lib/gcc/arm-none-eabi/4.8.4/../../../../arm-none-eabi/lib/armv7-m\libnosys_s.a(_exit.o)
                              c:/program files/embitz/0.42/share/em_armgcc/bin/../lib/gcc/arm-none-eabi/4.8.4/../../../../arm-none-eabi/lib/armv7-m\libg_n.a(lib_a-exit.o) (_exit)

Allocating common symbols
Common symbol       size              file

uart1_rx_buf        0x80              obj\debug\src\main.o
GPIO_InitStructure  0x4               obj\debug\src\main.o
USART_InitStructure
                    0x10              obj\debug\src\main.o
NVIC_InitStructure  0x4               obj\debug\src\main.o
USART_InitStructure2
                    0x10              obj\debug\src\main.o
uart3_rx_buf        0x3e8             obj\debug\src\main.o

Discarded input sections

 .text          0x00000000        0x0 c:/program files/embitz/0.42/share/em_armgcc/bin/../lib/gcc/arm-none-eabi/4.8.4/armv7-m/crti.o
 .data          0x00000000        0x0 c:/program files/embitz/0.42/share/em_armgcc/bin/../lib/gcc/arm-none-eabi/4.8.4/armv7-m/crti.o
 .bss           0x00000000        0x0 c:/program files/embitz/0.42/share/em_armgcc/bin/../lib/gcc/arm-none-eabi/4.8.4/armv7-m/crti.o
 .data          0x00000000        0x4 c:/program files/embitz/0.42/share/em_armgcc/bin/../lib/gcc/arm-none-eabi/4.8.4/armv7-m/crtbegin.o
 .data          0x00000000        0x0 c:/program files/embitz/0.42/share/em_armgcc/bin/../lib/gcc/arm-none-eabi/4.8.4/../../../../arm-none-eabi/lib/armv7-m/crt0.o
 .bss           0x00000000        0x0 c:/program files/embitz/0.42/share/em_armgcc/bin/../lib/gcc/arm-none-eabi/4.8.4/../../../../arm-none-eabi/lib/armv7-m/crt0.o
 .ARM.extab     0x00000000        0x0 c:/program files/embitz/0.42/share/em_armgcc/bin/../lib/gcc/arm-none-eabi/4.8.4/../../../../arm-none-eabi/lib/armv7-m/crt0.o
 .group         0x00000000        0x8 obj\debug\spl\src\misc.o
 .group         0x00000000        0x8 obj\debug\spl\src\misc.o
 .group         0x00000000        0x8 obj\debug\spl\src\misc.o
 .group         0x00000000        0x8 obj\debug\spl\src\misc.o
 .group         0x00000000        0x8 obj\debug\spl\src\misc.o
 .group         0x00000000        0x8 obj\debug\spl\src\misc.o
 .group         0x00000000        0x8 obj\debug\spl\src\misc.o
 .group         0x00000000        0x8 obj\debug\spl\src\misc.o
 .group         0x00000000        0x8 obj\debug\spl\src\misc.o
 .group         0x00000000        0x8 obj\debug\spl\src\misc.o
 .group         0x00000000        0x8 obj\debug\spl\src\misc.o
 .group         0x00000000        0x8 obj\debug\spl\src\misc.o
 .group         0x00000000        0x8 obj\debug\spl\src\misc.o
 .group         0x00000000        0x8 obj\debug\spl\src\misc.o
 .group         0x00000000        0x8 obj\debug\spl\src\misc.o
 .group         0x00000000        0x8 obj\debug\spl\src\misc.o
 .group         0x00000000        0x8 obj\debug\spl\src\misc.o
 .group         0x00000000        0x8 obj\debug\spl\src\misc.o
 .group         0x00000000        0x8 obj\debug\spl\src\misc.o
 .group         0x00000000        0x8 obj\debug\spl\src\misc.o
 .group         0x00000000        0x8 obj\debug\spl\src\misc.o
 .group         0x00000000        0x8 obj\debug\spl\src\misc.o
 .group         0x00000000        0x8 obj\debug\spl\src\misc.o
 .group         0x00000000        0x8 obj\debug\spl\src\misc.o
 .group         0x00000000        0x8 obj\debug\spl\src\misc.o
[...]
Memory Configuration

Name             Origin             Length             Attributes
ROM              0x08000000         0x00020000         xr
RAM              0x20000000         0x00005000         xrw
*default*        0x00000000         0xffffffff

Linker script and memory map

LOAD c:/program files/embitz/0.42/share/em_armgcc/bin/../lib/gcc/arm-none-eabi/4.8.4/armv7-m/crti.o
LOAD c:/program files/embitz/0.42/share/em_armgcc/bin/../lib/gcc/arm-none-eabi/4.8.4/armv7-m/crtbegin.o
LOAD c:/program files/embitz/0.42/share/em_armgcc/bin/../lib/gcc/arm-none-eabi/4.8.4/../../../../arm-none-eabi/lib/armv7-m/crt0.o
                0x00000000                __HEAP_SIZE = 0x0
                0x00000100                __STACK_SIZE = 0x100

.text           0x08000000     0x1504
 *(.isr_vector)
 .isr_vector    0x08000000       0xec obj\debug\src\startup_stm32f10x_md.o
                0x08000000                __isr_vector
 *(.text*)
 .text          0x080000ec       0x54 c:/program files/embitz/0.42/share/em_armgcc/bin/../lib/gcc/arm-none-eabi/4.8.4/armv7-m/crtbegin.o
 .text          0x08000140       0x74 c:/program files/embitz/0.42/share/em_armgcc/bin/../lib/gcc/arm-none-eabi/4.8.4/../../../../arm-none-eabi/lib/armv7-m/crt0.o
                0x08000140                _start
                0x08000140                _mainCRTStartup
 .text.NVIC_Init
                0x080001b4       0xc0 obj\debug\spl\src\misc.o
                0x080001b4                NVIC_Init
 .text.GPIO_Init
                0x08000274      0x178 obj\debug\spl\src\stm32f10x_gpio.o
                0x08000274                GPIO_Init
 .text.RCC_GetClocksFreq
                0x080003ec      0x164 obj\debug\spl\src\stm32f10x_rcc.o
                0x080003ec                RCC_GetClocksFreq
 .text.RCC_APB2PeriphClockCmd
                0x08000550       0x3c obj\debug\spl\src\stm32f10x_rcc.o
                0x08000550                RCC_APB2PeriphClockCmd
 .text.RCC_APB1PeriphClockCmd
                0x0800058c       0x3c obj\debug\spl\src\stm32f10x_rcc.o
                0x0800058c                RCC_APB1PeriphClockCmd
 .text.USART_Init
                0x080005c8      0x174 obj\debug\spl\src\stm32f10x_usart.o
                0x080005c8                USART_Init
 .text.USART_Cmd
                0x0800073c       0x40 obj\debug\spl\src\stm32f10x_usart.o
                0x0800073c                USART_Cmd
 .text.USART_ITConfig
                0x0800077c       0x90 obj\debug\spl\src\stm32f10x_usart.o
                0x0800077c                USART_ITConfig
 .text.USART_SendData
                0x0800080c       0x24 obj\debug\spl\src\stm32f10x_usart.o
                0x0800080c                USART_SendData
 .text.USART_GetFlagStatus
                0x08000830       0x38 obj\debug\spl\src\stm32f10x_usart.o
                0x08000830                USART_GetFlagStatus
 .text.send_Uart
                0x08000868       0x30 obj\debug\src\main.o
                0x08000868                send_Uart
 .text.send_comand
                0x08000898       0x38 obj\debug\src\main.o
                0x08000898                send_comand
 .text.delay    0x080008d0       0x20 obj\debug\src\main.o
                0x080008d0                delay
 .text.init     0x080008f0      0x1b8 obj\debug\src\main.o
                0x080008f0                init
 .text.main     0x08000aa8      0x4b8 obj\debug\src\main.o
                0x08000aa8                main
 .text.USART1_IRQHandler
                0x08000f60       0x5c obj\debug\src\main.o
                0x08000f60                USART1_IRQHandler
 .text          0x08000fbc       0xb8 obj\debug\src\startup_stm32f10x_md.o
                0x08000fbc                Reset_Handler
                0x08001002                NMI_Handler
                0x08001004                HardFault_Handler
                0x08001006                MemManage_Handler
                0x08001008                BusFault_Handler
                0x0800100a                UsageFault_Handler
                0x0800100c                SVC_Handler
                0x0800100e                DebugMon_Handler
                0x08001010                PendSV_Handler
                0x08001012                SysTick_Handler
                0x08001014                Default_Handler
                0x08001016                WWDG_IRQHandler
                0x08001018                PVD_IRQHandler
                0x0800101a                TAMPER_IRQHandler
                0x0800101c                RTC_IRQHandler
                0x0800101e                FLASH_IRQHandler
                0x08001020                RCC_IRQHandler
                0x08001022                EXTI0_IRQHandler
                0x08001024                EXTI1_IRQHandler
                0x08001026                EXTI2_IRQHandler
                0x08001028                EXTI3_IRQHandler
                0x0800102a                EXTI4_IRQHandler
                0x0800102c                DMA1_Channel1_IRQHandler
                0x0800102e                DMA1_Channel2_IRQHandler
                0x08001030                DMA1_Channel3_IRQHandler
                0x08001032                DMA1_Channel4_IRQHandler
                0x08001034                DMA1_Channel5_IRQHandler
                0x08001036                DMA1_Channel6_IRQHandler
                0x08001038                DMA1_Channel7_IRQHandler
                0x0800103a                ADC1_2_IRQHandler
                0x0800103c                USB_HP_CAN1_TX_IRQHandler
                0x0800103e                USB_LP_CAN1_RX0_IRQHandler
                0x08001040                CAN1_RX1_IRQHandler
                0x08001042                CAN1_SCE_IRQHandler
                0x08001044                EXTI9_5_IRQHandler
                0x08001046                TIM1_BRK_IRQHandler
                0x08001048                TIM1_UP_IRQHandler
                0x0800104a                TIM1_TRG_COM_IRQHandler
                0x0800104c                TIM1_CC_IRQHandler
                0x0800104e                TIM2_IRQHandler
                0x08001050                TIM3_IRQHandler
                0x08001052                TIM4_IRQHandler
                0x08001054                I2C1_EV_IRQHandler
                0x08001056                I2C1_ER_IRQHandler
                0x08001058                I2C2_EV_IRQHandler
                0x0800105a                I2C2_ER_IRQHandler
                0x0800105c                SPI1_IRQHandler
                0x0800105e                SPI2_IRQHandler
                0x08001062                USART2_IRQHandler
                0x08001064                USART3_IRQHandler
                0x08001066                EXTI15_10_IRQHandler
                0x08001068                RTCAlarm_IRQHandler
                0x0800106a                USBWakeUp_IRQHandler
 .text.SystemInit
                0x08001074       0x68 obj\debug\src\system_stm32f10x.o
                0x08001074                SystemInit
 .text.SetSysClock
                0x080010dc        0xc obj\debug\src\system_stm32f10x.o
 .text.SetSysClockTo72
                0x080010e8      0x100 obj\debug\src\system_stm32f10x.o
 .text.exit     0x080011e8       0x28 c:/program files/embitz/0.42/share/em_armgcc/bin/../lib/gcc/arm-none-eabi/4.8.4/../../../../arm-none-eabi/lib/armv7-m\libg_n.a(lib_a-exit.o)
                0x080011e8                exit
 .text.__libc_init_array
                0x08001210       0x4c c:/program files/embitz/0.42/share/em_armgcc/bin/../lib/gcc/arm-none-eabi/4.8.4/../../../../arm-none-eabi/lib/armv7-m\libg_n.a(lib_a-init.o)
                0x08001210                __libc_init_array
 .text.memset   0x0800125c       0x10 c:/program files/embitz/0.42/share/em_armgcc/bin/../lib/gcc/arm-none-eabi/4.8.4/../../../../arm-none-eabi/lib/armv7-m\libg_n.a(lib_a-memset.o)
                0x0800125c                memset
 .text          0x0800126c       0x14 c:/program files/embitz/0.42/share/em_armgcc/bin/../lib/gcc/arm-none-eabi/4.8.4/../../../../arm-none-eabi/lib/armv7-m\libg_n.a(lib_a-strcmp.o)
                0x0800126c                strcmp
 .text          0x08001280        0x2 c:/program files/embitz/0.42/share/em_armgcc/bin/../lib/gcc/arm-none-eabi/4.8.4/../../../../arm-none-eabi/lib/armv7-m\libnosys_s.a(_exit.o)
                0x08001280                _exit
 *(.init)
 *fill*         0x08001282        0x2 
 .init          0x08001284        0x4 c:/program files/embitz/0.42/share/em_armgcc/bin/../lib/gcc/arm-none-eabi/4.8.4/armv7-m/crti.o
                0x08001284                _init
 .init          0x08001288        0x8 c:/program files/embitz/0.42/share/em_armgcc/bin/../lib/gcc/arm-none-eabi/4.8.4/armv7-m/crtn.o
 *(.fini)
 .fini          0x08001290        0x4 c:/program files/embitz/0.42/share/em_armgcc/bin/../lib/gcc/arm-none-eabi/4.8.4/armv7-m/crti.o
                0x08001290                _fini
 .fini          0x08001294        0x8 c:/program files/embitz/0.42/share/em_armgcc/bin/../lib/gcc/arm-none-eabi/4.8.4/armv7-m/crtn.o
 *crtbegin.o(.ctors)
 *crtbegin?.o(.ctors)
 *(EXCLUDE_FILE(*crtend.o *crtend?.o) .ctors)
 *(SORT(.ctors.*))
 *(.ctors)
 *crtbegin.o(.dtors)
 *crtbegin?.o(.dtors)
 *(EXCLUDE_FILE(*crtend.o *crtend?.o) .dtors)
 *(SORT(.dtors.*))
 *(.dtors)
 *(.rodata*)
 .rodata        0x0800129c      0x25c obj\debug\src\main.o
 .rodata.str1.1
                0x080014f8        0x2 c:/program files/embitz/0.42/share/em_armgcc/bin/../lib/gcc/arm-none-eabi/4.8.4/../../../../arm-none-eabi/lib/armv7-m\libg_n.a(lib_a-impure.o)
 *fill*         0x080014fa        0x2 
 .rodata._global_impure_ptr
                0x080014fc        0x4 c:/program files/embitz/0.42/share/em_armgcc/bin/../lib/gcc/arm-none-eabi/4.8.4/../../../../arm-none-eabi/lib/armv7-m\libg_n.a(lib_a-impure.o)
                0x080014fc                _global_impure_ptr
 *(.eh_frame*)
 .eh_frame      0x08001500        0x0 c:/program files/embitz/0.42/share/em_armgcc/bin/../lib/gcc/arm-none-eabi/4.8.4/armv7-m/crtbegin.o
 .eh_frame      0x08001500        0x4 c:/program files/embitz/0.42/share/em_armgcc/bin/../lib/gcc/arm-none-eabi/4.8.4/armv7-m/crtend.o

.glue_7         0x08001504        0x0
 .glue_7        0x00000000        0x0 linker stubs

.glue_7t        0x08001504        0x0
 .glue_7t       0x00000000        0x0 linker stubs

.vfp11_veneer   0x08001504        0x0
 .vfp11_veneer  0x00000000        0x0 linker stubs

.v4_bx          0x08001504        0x0
 .v4_bx         0x00000000        0x0 linker stubs

.iplt           0x08001504        0x0
 .iplt          0x00000000        0x0 c:/program files/embitz/0.42/share/em_armgcc/bin/../lib/gcc/arm-none-eabi/4.8.4/armv7-m/crtbegin.o

.ARM.extab
 *(.ARM.extab* .gnu.linkonce.armextab.*)
                0x08001504                __exidx_start = .

.ARM.exidx      0x08001504        0x8
 *(.ARM.exidx* .gnu.linkonce.armexidx.*)
 .ARM.exidx     0x08001504        0x8 c:/program files/embitz/0.42/share/em_armgcc/bin/../lib/gcc/arm-none-eabi/4.8.4/../../../../arm-none-eabi/lib/armv7-m/crt0.o
                0x0800150c                __exidx_end = .
                0x0800150c                __etext = .

.rel.dyn        0x0800150c        0x0
 .rel.iplt      0x00000000        0x0 c:/program files/embitz/0.42/share/em_armgcc/bin/../lib/gcc/arm-none-eabi/4.8.4/armv7-m/crtbegin.o

.data           0x20000000       0x7c load address 0x0800150c
                0x20000000                __data_start__ = .
 *(vtable)
 *(.data*)
 .data.APBAHBPrescTable
                0x20000000       0x10 obj\debug\spl\src\stm32f10x_rcc.o
 .data.ADCPrescTable
                0x20000010        0x4 obj\debug\spl\src\stm32f10x_rcc.o
 .data.impure_data
                0x20000014       0x60 c:/program files/embitz/0.42/share/em_armgcc/bin/../lib/gcc/arm-none-eabi/4.8.4/../../../../arm-none-eabi/lib/armv7-m\libg_n.a(lib_a-impure.o)
                0x20000074                . = ALIGN (0x4)
                0x20000074                PROVIDE (__preinit_array_start, .)
 *(.preinit_array)
                0x20000074                PROVIDE (__preinit_array_end, .)
                0x20000074                . = ALIGN (0x4)
                0x20000074                PROVIDE (__init_array_start, .)
 *(SORT(.init_array.*))
 *(.init_array)
 .init_array    0x20000074        0x4 c:/program files/embitz/0.42/share/em_armgcc/bin/../lib/gcc/arm-none-eabi/4.8.4/armv7-m/crtbegin.o
                0x20000078                PROVIDE (__init_array_end, .)
                0x20000078                . = ALIGN (0x4)
                0x20000078                PROVIDE (__fini_array_start, .)
 *(SORT(.fini_array.*))
 *(.fini_array)
 .fini_array    0x20000078        0x4 c:/program files/embitz/0.42/share/em_armgcc/bin/../lib/gcc/arm-none-eabi/4.8.4/armv7-m/crtbegin.o
                0x2000007c                PROVIDE (__fini_array_end, .)
                0x2000007c                . = ALIGN (0x4)
                0x2000007c                __data_end__ = .

.jcr            0x2000007c        0x0 load address 0x08001588
 .jcr           0x2000007c        0x0 c:/program files/embitz/0.42/share/em_armgcc/bin/../lib/gcc/arm-none-eabi/4.8.4/armv7-m/crtbegin.o

.igot.plt       0x2000007c        0x0 load address 0x08001588
 .igot.plt      0x00000000        0x0 c:/program files/embitz/0.42/share/em_armgcc/bin/../lib/gcc/arm-none-eabi/4.8.4/armv7-m/crtbegin.o

.bss            0x2000007c      0x4b0 load address 0x08001588
                0x2000007c                __bss_start__ = .
 *(.bss*)
 .bss           0x2000007c       0x1c c:/program files/embitz/0.42/share/em_armgcc/bin/../lib/gcc/arm-none-eabi/4.8.4/armv7-m/crtbegin.o
 .bss.uart1_rx_bit
                0x20000098        0x1 obj\debug\src\main.o
                0x20000098                uart1_rx_bit
 *fill*         0x20000099        0x1 
 .bss.uart3_rx_bit
                0x2000009a        0x2 obj\debug\src\main.o
                0x2000009a                uart3_rx_bit
 *(COMMON)
 COMMON         0x2000009c      0x490 obj\debug\src\main.o
                0x2000009c                uart1_rx_buf
                0x2000011c                GPIO_InitStructure
                0x20000120                USART_InitStructure
                0x20000130                NVIC_InitStructure
                0x20000134                USART_InitStructure2
                0x20000144                uart3_rx_buf
                0x2000052c                __bss_end__ = .

.heap           0x20000530        0x0
                0x20000530                __end__ = .
                0x20000530                end = __end__
 *(.heap*)
 .heap          0x20000530        0x0 obj\debug\src\startup_stm32f10x_md.o
                0x20000530                __HeapLimit = .

.stack_dummy    0x20000530      0x100
 *(.stack)
 .stack         0x20000530      0x100 obj\debug\src\startup_stm32f10x_md.o
                0x20005000                __StackTop = (ORIGIN (RAM) + 0x5000)
                0x20004f00                __StackLimit = (__StackTop - SIZEOF (.stack_dummy))
                0x20005000                PROVIDE (__stack, __StackTop)
                0x00000001                ASSERT ((__StackLimit >= __HeapLimit), region RAM overflowed with stack)
LOAD obj\debug\spl\src\misc.o
LOAD obj\debug\spl\src\stm32f10x_adc.o
LOAD obj\debug\spl\src\stm32f10x_bkp.o
LOAD obj\debug\spl\src\stm32f10x_can.o
LOAD obj\debug\spl\src\stm32f10x_cec.o
LOAD obj\debug\spl\src\stm32f10x_crc.o
LOAD obj\debug\spl\src\stm32f10x_dac.o
LOAD obj\debug\spl\src\stm32f10x_dbgmcu.o
LOAD obj\debug\spl\src\stm32f10x_dma.o
LOAD obj\debug\spl\src\stm32f10x_exti.o
LOAD obj\debug\spl\src\stm32f10x_flash.o
LOAD obj\debug\spl\src\stm32f10x_fsmc.o
LOAD obj\debug\spl\src\stm32f10x_gpio.o
LOAD obj\debug\spl\src\stm32f10x_i2c.o
LOAD obj\debug\spl\src\stm32f10x_iwdg.o
LOAD obj\debug\spl\src\stm32f10x_pwr.o
LOAD obj\debug\spl\src\stm32f10x_rcc.o
LOAD obj\debug\spl\src\stm32f10x_rtc.o
LOAD obj\debug\spl\src\stm32f10x_sdio.o
LOAD obj\debug\spl\src\stm32f10x_spi.o
LOAD obj\debug\spl\src\stm32f10x_tim.o
LOAD obj\debug\spl\src\stm32f10x_usart.o
LOAD obj\debug\spl\src\stm32f10x_wwdg.o
LOAD obj\debug\src\main.o
LOAD obj\debug\src\startup_stm32f10x_md.o
LOAD obj\debug\src\system_stm32f10x.o
START GROUP
LOAD c:/program files/embitz/0.42/share/em_armgcc/bin/../lib/gcc/arm-none-eabi/4.8.4/armv7-m\libgcc.a
LOAD c:/program files/embitz/0.42/share/em_armgcc/bin/../lib/gcc/arm-none-eabi/4.8.4/../../../../arm-none-eabi/lib/armv7-m\libg_n.a
LOAD c:/program files/embitz/0.42/share/em_armgcc/bin/../lib/gcc/arm-none-eabi/4.8.4/../../../../arm-none-eabi/lib/armv7-m\libc_n.a
END GROUP
START GROUP
LOAD c:/program files/embitz/0.42/share/em_armgcc/bin/../lib/gcc/arm-none-eabi/4.8.4/armv7-m\libgcc.a
LOAD c:/program files/embitz/0.42/share/em_armgcc/bin/../lib/gcc/arm-none-eabi/4.8.4/../../../../arm-none-eabi/lib/armv7-m\libc_n.a
LOAD c:/program files/embitz/0.42/share/em_armgcc/bin/../lib/gcc/arm-none-eabi/4.8.4/../../../../arm-none-eabi/lib/armv7-m\libnosys_s.a
END GROUP
LOAD c:/program files/embitz/0.42/share/em_armgcc/bin/../lib/gcc/arm-none-eabi/4.8.4/armv7-m/crtend.o
LOAD c:/program files/embitz/0.42/share/em_armgcc/bin/../lib/gcc/arm-none-eabi/4.8.4/armv7-m/crtn.o
OUTPUT(bin\Debug\IRQHandler.elf elf32-littlearm)

.ARM.attributes
                0x00000000       0x29
 .ARM.attributes
                0x00000000       0x1d c:/program files/embitz/0.42/share/em_armgcc/bin/../lib/gcc/arm-none-eabi/4.8.4/armv7-m/crti.o
 .ARM.attributes
                0x0000001d       0x2d c:/program files/embitz/0.42/share/em_armgcc/bin/../lib/gcc/arm-none-eabi/4.8.4/armv7-m/crtbegin.o
 .ARM.attributes
                0x0000004a       0x1b c:/program files/embitz/0.42/share/em_armgcc/bin/../lib/gcc/arm-none-eabi/4.8.4/../../../../arm-none-eabi/lib/armv7-m/crt0.o
 .ARM.attributes
                0x00000065       0x33 obj\debug\spl\src\misc.o
 .ARM.attributes
                0x00000098       0x33 obj\debug\spl\src\stm32f10x_gpio.o
 .ARM.attributes
                0x000000cb       0x33 obj\debug\spl\src\stm32f10x_rcc.o
 .ARM.attributes
                0x000000fe       0x33 obj\debug\spl\src\stm32f10x_usart.o
 .ARM.attributes
                0x00000131       0x33 obj\debug\src\main.o
 .ARM.attributes
                0x00000164       0x1b obj\debug\src\startup_stm32f10x_md.o
 .ARM.attributes
                0x0000017f       0x33 obj\debug\src\system_stm32f10x.o
 .ARM.attributes
                0x000001b2       0x2d c:/program files/embitz/0.42/share/em_armgcc/bin/../lib/gcc/arm-none-eabi/4.8.4/../../../../arm-none-eabi/lib/armv7-m\libg_n.a(lib_a-exit.o)
 .ARM.attributes
                0x000001df       0x2d c:/program files/embitz/0.42/share/em_armgcc/bin/../lib/gcc/arm-none-eabi/4.8.4/../../../../arm-none-eabi/lib/armv7-m\libg_n.a(lib_a-impure.o)
 .ARM.attributes
                0x0000020c       0x2d c:/program files/embitz/0.42/share/em_armgcc/bin/../lib/gcc/arm-none-eabi/4.8.4/../../../../arm-none-eabi/lib/armv7-m\libg_n.a(lib_a-init.o)
 .ARM.attributes
                0x00000239       0x2d c:/program files/embitz/0.42/share/em_armgcc/bin/../lib/gcc/arm-none-eabi/4.8.4/../../../../arm-none-eabi/lib/armv7-m\libg_n.a(lib_a-memset.o)
 .ARM.attributes
                0x00000266       0x1b c:/program files/embitz/0.42/share/em_armgcc/bin/../lib/gcc/arm-none-eabi/4.8.4/../../../../arm-none-eabi/lib/armv7-m\libg_n.a(lib_a-strcmp.o)
 .ARM.attributes
                0x00000281       0x2d c:/program files/embitz/0.42/share/em_armgcc/bin/../lib/gcc/arm-none-eabi/4.8.4/../../../../arm-none-eabi/lib/armv7-m\libnosys_s.a(_exit.o)
 .ARM.attributes
                0x000002ae       0x2d c:/program files/embitz/0.42/share/em_armgcc/bin/../lib/gcc/arm-none-eabi/4.8.4/armv7-m/crtend.o
 .ARM.attributes
                0x000002db       0x1d c:/program files/embitz/0.42/share/em_armgcc/bin/../lib/gcc/arm-none-eabi/4.8.4/armv7-m/crtn.o

.comment        0x00000000       0x46
 .comment       0x00000000       0x46 obj\debug\spl\src\misc.o
                                 0x47 (size before relaxing)
 .comment       0x00000000       0x47 obj\debug\spl\src\stm32f10x_gpio.o
 .comment       0x00000000       0x47 obj\debug\spl\src\stm32f10x_rcc.o
 .comment       0x00000000       0x47 obj\debug\spl\src\stm32f10x_usart.o
 .comment       0x00000000       0x47 obj\debug\src\main.o
 .comment       0x00000000       0x47 obj\debug\src\system_stm32f10x.o

.debug_info     0x00000000     0x2d16
 .debug_info    0x00000000      0x545 obj\debug\spl\src\misc.o
 .debug_info    0x00000545      0x6ef obj\debug\spl\src\stm32f10x_gpio.o
 .debug_info    0x00000c34      0x895 obj\debug\spl\src\stm32f10x_rcc.o
 .debug_info    0x000014c9      0x9f0 obj\debug\spl\src\stm32f10x_usart.o
 .debug_info    0x00001eb9      0x985 obj\debug\src\main.o
 .debug_info    0x0000283e       0x57 obj\debug\src\startup_stm32f10x_md.o
 .debug_info    0x00002895      0x481 obj\debug\src\system_stm32f10x.o

.debug_abbrev   0x00000000      0x9f0
 .debug_abbrev  0x00000000      0x14a obj\debug\spl\src\misc.o
 .debug_abbrev  0x0000014a      0x1cd obj\debug\spl\src\stm32f10x_gpio.o
 .debug_abbrev  0x00000317      0x1bf obj\debug\spl\src\stm32f10x_rcc.o
 .debug_abbrev  0x000004d6      0x167 obj\debug\spl\src\stm32f10x_usart.o
 .debug_abbrev  0x0000063d      0x24e obj\debug\src\main.o
 .debug_abbrev  0x0000088b       0x14 obj\debug\src\startup_stm32f10x_md.o
 .debug_abbrev  0x0000089f      0x151 obj\debug\src\system_stm32f10x.o

.debug_aranges  0x00000000      0x3a8
 .debug_aranges
                0x00000000       0x40 obj\debug\spl\src\misc.o
 .debug_aranges
                0x00000040       0xa8 obj\debug\spl\src\stm32f10x_gpio.o
 .debug_aranges
                0x000000e8      0x118 obj\debug\spl\src\stm32f10x_rcc.o
 .debug_aranges
                0x00000200      0x100 obj\debug\spl\src\stm32f10x_usart.o
 .debug_aranges
                0x00000300       0x50 obj\debug\src\main.o
 .debug_aranges
                0x00000350       0x20 obj\debug\src\startup_stm32f10x_md.o
 .debug_aranges
                0x00000370       0x38 obj\debug\src\system_stm32f10x.o

.debug_ranges   0x00000000      0x328
 .debug_ranges  0x00000000       0x30 obj\debug\spl\src\misc.o
 .debug_ranges  0x00000030       0x98 obj\debug\spl\src\stm32f10x_gpio.o
 .debug_ranges  0x000000c8      0x108 obj\debug\spl\src\stm32f10x_rcc.o
 .debug_ranges  0x000001d0       0xf0 obj\debug\spl\src\stm32f10x_usart.o
 .debug_ranges  0x000002c0       0x40 obj\debug\src\main.o
 .debug_ranges  0x00000300       0x28 obj\debug\src\system_stm32f10x.o

.debug_macro    0x00000000     0xd6e4
 .debug_macro   0x00000000      0x17d obj\debug\spl\src\misc.o
 .debug_macro   0x0000017d      0x856 obj\debug\spl\src\misc.o
 .debug_macro   0x000009d3       0x5d obj\debug\spl\src\misc.o
 .debug_macro   0x00000a30       0x3a obj\debug\spl\src\misc.o
 .debug_macro   0x00000a6a       0x16 obj\debug\spl\src\misc.o
 .debug_macro   0x00000a80       0x44 obj\debug\spl\src\misc.o
 .debug_macro   0x00000ac4      0x209 obj\debug\spl\src\misc.o
 .debug_macro   0x00000ccd       0x18 obj\debug\spl\src\misc.o
 .debug_macro   0x00000ce5      0xa36 obj\debug\spl\src\misc.o
 .debug_macro   0x0000171b     0x7eb3 obj\debug\spl\src\misc.o
 .debug_macro   0x000095ce      0x2df obj\debug\spl\src\misc.o
 .debug_macro   0x000098ad      0x144 obj\debug\spl\src\misc.o
 .debug_macro   0x000099f1      0x3cf obj\debug\spl\src\misc.o
 .debug_macro   0x00009dc0       0xc8 obj\debug\spl\src\misc.o
 .debug_macro   0x00009e88      0x17a obj\debug\spl\src\misc.o
 .debug_macro   0x0000a002       0xac obj\debug\spl\src\misc.o
 .debug_macro   0x0000a0ae      0x3ad obj\debug\spl\src\misc.o
 .debug_macro   0x0000a45b       0x9a obj\debug\spl\src\misc.o
 .debug_macro   0x0000a4f5      0x2cf obj\debug\spl\src\misc.o
 .debug_macro   0x0000a7c4      0x279 obj\debug\spl\src\misc.o
 .debug_macro   0x0000aa3d      0x2ac obj\debug\spl\src\misc.o
 .debug_macro   0x0000ace9      0x2b1 obj\debug\spl\src\misc.o
 .debug_macro   0x0000af9a       0x64 obj\debug\spl\src\misc.o
 .debug_macro   0x0000affe       0x82 obj\debug\spl\src\misc.o
 .debug_macro   0x0000b080      0x3e2 obj\debug\spl\src\misc.o
 .debug_macro   0x0000b462       0x58 obj\debug\spl\src\misc.o
 .debug_macro   0x0000b4ba      0x341 obj\debug\spl\src\misc.o
 .debug_macro   0x0000b7fb      0x2c4 obj\debug\spl\src\misc.o
 .debug_macro   0x0000babf      0x711 obj\debug\spl\src\misc.o
 .debug_macro   0x0000c1d0      0x220 obj\debug\spl\src\misc.o
 .debug_macro   0x0000c3f0       0x34 obj\debug\spl\src\misc.o
 .debug_macro   0x0000c424       0x35 obj\debug\spl\src\misc.o
 .debug_macro   0x0000c459       0x85 obj\debug\spl\src\misc.o
 .debug_macro   0x0000c4de      0x1c5 obj\debug\spl\src\stm32f10x_gpio.o
 .debug_macro   0x0000c6a3      0x2a6 obj\debug\spl\src\stm32f10x_gpio.o
 .debug_macro   0x0000c949      0x293 obj\debug\spl\src\stm32f10x_rcc.o
 .debug_macro   0x0000cbdc      0x3dc obj\debug\spl\src\stm32f10x_rcc.o
 .debug_macro   0x0000cfb8      0x22b obj\debug\spl\src\stm32f10x_usart.o
 .debug_macro   0x0000d1e3      0x21a obj\debug\spl\src\stm32f10x_usart.o
 .debug_macro   0x0000d3fd      0x16d obj\debug\src\main.o
 .debug_macro   0x0000d56a      0x17a obj\debug\src\system_stm32f10x.o

.debug_line     0x00000000     0x2154
 .debug_line    0x00000000      0x436 obj\debug\spl\src\misc.o
 .debug_line    0x00000436      0x596 obj\debug\spl\src\stm32f10x_gpio.o
 .debug_line    0x000009cc      0x6a5 obj\debug\spl\src\stm32f10x_rcc.o
 .debug_line    0x00001071      0x66d obj\debug\spl\src\stm32f10x_usart.o
 .debug_line    0x000016de      0x55b obj\debug\src\main.o
 .debug_line    0x00001c39       0xa8 obj\debug\src\startup_stm32f10x_md.o
 .debug_line    0x00001ce1      0x473 obj\debug\src\system_stm32f10x.o

.debug_str      0x00000000    0x4ff74
 .debug_str     0x00000000    0x4e210 obj\debug\spl\src\misc.o
                              0x4e36e (size before relaxing)
 .debug_str     0x0004e210      0x5b0 obj\debug\spl\src\stm32f10x_gpio.o
                              0x4e6e0 (size before relaxing)
 .debug_str     0x0004e7c0      0xb49 obj\debug\spl\src\stm32f10x_rcc.o
                              0x4ecc6 (size before relaxing)
 .debug_str     0x0004f309      0x7f4 obj\debug\spl\src\stm32f10x_usart.o
                              0x4e9f0 (size before relaxing)
 .debug_str     0x0004fafd      0x3c0 obj\debug\src\main.o
                              0x4e759 (size before relaxing)
 .debug_str     0x0004febd       0xb7 obj\debug\src\system_stm32f10x.o
                              0x4e2a1 (size before relaxing)

.debug_frame    0x00000000      0xb74
 .debug_frame   0x00000000       0x9c obj\debug\spl\src\misc.o
 .debug_frame   0x0000009c      0x210 obj\debug\spl\src\stm32f10x_gpio.o
 .debug_frame   0x000002ac      0x388 obj\debug\spl\src\stm32f10x_rcc.o
 .debug_frame   0x00000634      0x344 obj\debug\spl\src\stm32f10x_usart.o
 .debug_frame   0x00000978       0xe8 obj\debug\src\main.o
 .debug_frame   0x00000a60       0x80 obj\debug\src\system_stm32f10x.o
 .debug_frame   0x00000ae0       0x28 c:/program files/embitz/0.42/share/em_armgcc/bin/../lib/gcc/arm-none-eabi/4.8.4/../../../../arm-none-eabi/lib/armv7-m\libg_n.a(lib_a-exit.o)
 .debug_frame   0x00000b08       0x2c c:/program files/embitz/0.42/share/em_armgcc/bin/../lib/gcc/arm-none-eabi/4.8.4/../../../../arm-none-eabi/lib/armv7-m\libg_n.a(lib_a-init.o)
 .debug_frame   0x00000b34       0x20 c:/program files/embitz/0.42/share/em_armgcc/bin/../lib/gcc/arm-none-eabi/4.8.4/../../../../arm-none-eabi/lib/armv7-m\libg_n.a(lib_a-memset.o)
 .debug_frame   0x00000b54       0x20 c:/program files/embitz/0.42/share/em_armgcc/bin/../lib/gcc/arm-none-eabi/4.8.4/../../../../arm-none-eabi/lib/armv7-m\libnosys_s.a(_exit.o)
